      title      
-----------------
 AMERICAN CIRCUS
 ARABIA DOGMA
 MASSAGE IMAGE
 MUMMY CREATURES
 OZ LIAISONS
 POLISH BROOKLYN
 SIEGE MADRE
 SUBMARINE BED
 TRAMP OTHERS
(9 rows)

