    Actor Name     
-------------------
 ADAM HOPPER
 ALBERT JOHANSSON
 ALEC WAYNE
 AL GARLAND
 ANGELA HUDSON
 AUDREY OLIVIER
 BELA WALKEN
 BEN HARRIS
 BEN WILLIS
 BETTE NICHOLSON
 BOB FAWCETT
 BURT TEMPLE
 CAMERON WRAY
 CARMEN HUNT
 CARY MCCONAUGHEY
 CHARLIZE DENCH
 CHRIS DEPP
 CHRISTIAN GABLE
 CHRISTIAN NEESON
 CHRISTOPHER WEST
 CUBA BIRCH
 DAN TORN
 DARYL CRAWFORD
 DEBBIE AKROYD
 ED CHASE
 ED MANSFIELD
 ELVIS MARX
 EWAN GOODING
 FAY WOOD
 FRED COSTNER
 GARY PHOENIX
 GENE HOPKINS
 GENE WILLIS
 GEOFFREY HESTON
 GREG CHAPLIN
 GREGORY GOODING
 GROUCHO SINATRA
 GROUCHO WILLIAMS
 HARRISON BALE
 HENRY BERRY
 HUMPHREY WILLIS
 JADA RYDER
 JENNIFER DAVIS
 JESSICA BAILEY
 JODIE DEGENERES
 JOHN SUVARI
 JON CHASE
 JULIA BARRYMORE
 JULIA FAWCETT
 KENNETH HOFFMAN
 KENNETH PALTROW
 KENNETH PESCI
 KEVIN GARLAND
 KIM ALLEN
 KIRK JOVOVICH
 LAURA BRODY
 LUCILLE DEE
 MAE HOFFMAN
 MATTHEW CARREY
 MATTHEW JOHANSSON
 MATTHEW LEIGH
 MENA TEMPLE
 MERYL ALLEN
 MICHAEL BENING
 MICHAEL BOLGER
 MILLA KEITEL
 MILLA PECK
 NICK DEGENERES
 NICK WAHLBERG
 OPRAH KILMER
 PENELOPE CRONYN
 PENELOPE GUINESS
 RALPH CRUZ
 REESE KILMER
 REESE WEST
 RENEE BALL
 RENEE TRACY
 RICHARD PENN
 RITA REYNOLDS
 RUSSELL CLOSE
 SCARLETT DAMON
 SPENCER DEPP
 SUSAN DAVIS
 THORA TEMPLE
 VAL BOLGER
 WARREN NOLTE
 WHOOPI HURT
 WOODY HOFFMAN
(88 rows)

