           tag            | count 
--------------------------+-------
 #coronavirus             |    22
 #covid19                 |     4
 #1u                      |     1
 #2a                      |     1
 #aprilfoolsday           |     1
 #californialockdown      |     1
 #china                   |     1
 #clapfordchealthworkers  |     1
 #coronavirusdeutschland  |     1
 #coronavirusnewyork      |     1
 #covidー19               |     1
 #covid_19gr              |     1
 #covıd19                 |     1
 #cuarentena              |     1
 #dc                      |     1
 #deutschland             |     1
 #dog                     |     1
 #escapedog               |     1
 #government              |     1
 #hermes                  |     1
 #iambatman               |     1
 #instadog                |     1
 #losangeleslockdown      |     1
 #musik                   |     1
 #perro                   |     1
 #prisionbreak            |     1
 #quarantine              |     1
 #quarentena              |     1
 #quedateencasa           |     1
 #rechauffementclimatique |     1
 #santaclarita            |     1
 #statenisland            |     1
 #stayathome              |     1
 #stayhome                |     1
 #thefinal5               |     1
 #tyranny                 |     1
 #uklockdown              |     1
 #unnouveausujetparjour   |     1
 #yeahthatgreenville      |     1
(39 rows)

