          day           | count 
------------------------+-------
 2020-04-01 00:00:00+00 |    19
(1 row)

