      id_tweets      | length 
---------------------+--------
 1245138836268691458 |     71
 1245138844363694086 |    148
 1245138907135705094 |    208
 1245138909748776961 |    157
 1245138958721388545 |     92
 1245139046411755525 |    125
 1245139218525048832 |     93
 1245139222060728324 |     93
 1245139222438326274 |    302
 1245139225944571904 |    102
 1245139415325904896 |     96
 1245139550969585664 |    185
 1245139609492865024 |    233
 1245139644410281986 |    185
(14 rows)

